2026-09-23 22:14:12,882 INFO o.a.j.u.JMeterUtils: Setting Locale to en_EN
2026-09-23 22:14:12,908 INFO o.a.j.JMeter: Loading user properties from: user.properties
2026-09-23 22:14:12,908 INFO o.a.j.JMeter: Loading system properties from: system.properties
2026-09-23 22:14:12,914 INFO o.a.j.JMeter: Copyright (c) 1998-2024 The Apache Software Foundation
2026-09-23 22:14:12,914 INFO o.a.j.JMeter: Version 5.6.3
2026-09-23 22:14:12,914 INFO o.a.j.JMeter: java.version=23.0.2
2026-09-23 22:14:12,914 INFO o.a.j.JMeter: java.vm.name=Java HotSpot(TM) 64-Bit Server VM
2026-09-23 22:14:12,914 INFO o.a.j.JMeter: os.name=Windows 11
2026-09-23 22:14:12,914 INFO o.a.j.JMeter: os.arch=amd64
2026-09-23 22:14:12,914 INFO o.a.j.JMeter: os.version=10.0
2026-09-23 22:14:12,914 INFO o.a.j.JMeter: file.encoding=UTF-8
2026-09-23 22:14:12,914 INFO o.a.j.JMeter: java.awt.headless=null
2026-09-23 22:14:12,914 INFO o.a.j.JMeter: Max memory     =1073741824
2026-09-23 22:14:12,914 INFO o.a.j.JMeter: Available Processors =12
2026-09-23 22:14:12,928 INFO o.a.j.JMeter: Default Locale=English (EN)
2026-09-23 22:14:12,930 INFO o.a.j.JMeter: JMeter  Locale=English (EN)
2026-09-23 22:14:12,930 INFO o.a.j.JMeter: JMeterHome=C:\Users\SAKLAIN\Downloads\apache-jmeter-5.6.3\apache-jmeter-5.6.3
2026-09-23 22:14:12,930 INFO o.a.j.JMeter: user.dir  =C:\Users\SAKLAIN\Downloads\apache-jmeter-5.6.3\apache-jmeter-5.6.3\bin
2026-09-23 22:14:12,930 INFO o.a.j.JMeter: PWD       =C:\Users\SAKLAIN\Downloads\apache-jmeter-5.6.3\apache-jmeter-5.6.3\bin
2026-09-23 22:14:13,239 INFO o.a.j.JMeter: IP: 192.168.1.202 Name: MSI FullName: 192.168.1.202
2026-09-23 22:14:13,249 INFO o.a.j.JMeter: Loaded icon properties from org/apache/jmeter/images/icon.properties
2026-09-23 22:14:13,464 INFO o.a.j.JMeterGuiLauncher: Setting LAF to: com.github.weisj.darklaf.DarkLaf:com.github.weisj.darklaf.theme.DarculaTheme
2026-09-23 23:43:40,226 INFO o.a.j.p.h.s.HTTPSamplerBase: Parser for text/html is org.apache.jmeter.protocol.http.parser.LagartoBasedHtmlParser
2026-09-23 23:43:40,226 INFO o.a.j.p.h.s.HTTPSamplerBase: Parser for application/xhtml+xml is org.apache.jmeter.protocol.http.parser.LagartoBasedHtmlParser
2026-09-23 23:43:40,226 INFO o.a.j.p.h.s.HTTPSamplerBase: Parser for application/xml is org.apache.jmeter.protocol.http.parser.LagartoBasedHtmlParser
2026-09-23 23:43:40,226 INFO o.a.j.p.h.s.HTTPSamplerBase: Parser for text/xml is org.apache.jmeter.protocol.http.parser.LagartoBasedHtmlParser
2026-09-23 23:43:40,226 INFO o.a.j.p.h.s.HTTPSamplerBase: Parser for text/vnd.wap.wml is org.apache.jmeter.protocol.http.parser.RegexpHTMLParser
2026-09-23 23:43:40,228 INFO o.a.j.p.h.s.HTTPSamplerBase: Parser for text/css is org.apache.jmeter.protocol.http.parser.CssParser
2026-09-23 23:55:25,644 INFO o.a.j.s.FileServer: Default base='C:\Users\SAKLAIN\Downloads\apache-jmeter-5.6.3\apache-jmeter-5.6.3\bin'
2026-09-23 23:55:25,644 INFO o.a.j.s.FileServer: Set new base='C:\Users\SAKLAIN\Downloads\apache-jmeter-5.6.3\apache-jmeter-5.6.3\bin'
2026-09-23 23:55:25,943 INFO o.a.j.s.SaveService: Testplan (JMX) version: 2.2. Testlog (JTL) version: 2.2
2026-09-23 23:55:25,987 INFO o.a.j.s.SaveService: Using SaveService properties version 5.0
2026-09-23 23:55:25,990 INFO o.a.j.s.SaveService: Using SaveService properties file encoding UTF-8
2026-09-23 23:55:58,557 INFO o.a.j.s.SampleResult: Note: Sample TimeStamps are START times
2026-09-23 23:55:58,557 INFO o.a.j.s.SampleResult: sampleresult.default.encoding is set to UTF-8
2026-09-23 23:55:58,557 INFO o.a.j.s.SampleResult: sampleresult.useNanoTime=true
2026-09-23 23:55:58,557 INFO o.a.j.s.SampleResult: sampleresult.nanoThreadSleep=5000
2026-09-23 23:56:11,276 INFO o.a.j.e.StandardJMeterEngine: Running the test!
2026-09-23 23:56:11,278 INFO o.a.j.s.SampleEvent: List of sample_variables: []
2026-09-23 23:56:11,278 INFO o.a.j.s.SampleEvent: List of sample_variables: []
2026-09-23 23:56:11,278 INFO o.a.j.e.u.CompoundVariable: Note: Function class names must contain the string: '.functions.'
2026-09-23 23:56:11,278 INFO o.a.j.e.u.CompoundVariable: Note: Function class names must not contain the string: '.gui.'
2026-09-23 23:56:11,352 INFO o.a.j.g.u.JMeterMenuBar: setRunning(true, *local*)
2026-09-23 23:56:11,410 INFO o.a.j.e.StandardJMeterEngine: Starting ThreadGroup: 1 : Thread Group
2026-09-23 23:56:11,419 INFO o.a.j.e.StandardJMeterEngine: Starting 10 threads for group Thread Group.
2026-09-23 23:56:11,419 INFO o.a.j.e.StandardJMeterEngine: Thread will continue on error
2026-09-23 23:56:11,419 INFO o.a.j.t.ThreadGroup: Starting thread group... number=1 threads=10 ramp-up=10 delayedStart=false
2026-09-23 23:56:11,426 INFO o.a.j.t.JMeterThread: Thread started: Thread Group 1-1
2026-09-23 23:56:11,427 INFO o.a.j.t.ThreadGroup: Started thread group number 1
2026-09-23 23:56:11,428 INFO o.a.j.e.StandardJMeterEngine: All thread groups have been started
2026-09-23 23:56:11,445 INFO o.a.j.t.JMeterThread: Thread is done: Thread Group 1-1
2026-09-23 23:56:11,445 INFO o.a.j.t.JMeterThread: Thread finished: Thread Group 1-1
2026-09-23 23:56:12,423 INFO o.a.j.t.JMeterThread: Thread started: Thread Group 1-2
2026-09-23 23:56:12,426 INFO o.a.j.t.JMeterThread: Thread is done: Thread Group 1-2
2026-09-23 23:56:12,426 INFO o.a.j.t.JMeterThread: Thread finished: Thread Group 1-2
2026-09-23 23:56:13,422 INFO o.a.j.t.JMeterThread: Thread started: Thread Group 1-3
2026-09-23 23:56:13,426 INFO o.a.j.t.JMeterThread: Thread is done: Thread Group 1-3
2026-09-23 23:56:13,426 INFO o.a.j.t.JMeterThread: Thread finished: Thread Group 1-3
2026-09-23 23:56:14,423 INFO o.a.j.t.JMeterThread: Thread started: Thread Group 1-4
2026-09-23 23:56:14,424 INFO o.a.j.t.JMeterThread: Thread is done: Thread Group 1-4
2026-09-23 23:56:14,426 INFO o.a.j.t.JMeterThread: Thread finished: Thread Group 1-4
2026-09-23 23:56:15,420 INFO o.a.j.t.JMeterThread: Thread started: Thread Group 1-5
2026-09-23 23:56:15,420 INFO o.a.j.t.JMeterThread: Thread is done: Thread Group 1-5
2026-09-23 23:56:15,420 INFO o.a.j.t.JMeterThread: Thread finished: Thread Group 1-5
2026-09-23 23:56:16,420 INFO o.a.j.t.JMeterThread: Thread started: Thread Group 1-6
2026-09-23 23:56:16,422 INFO o.a.j.t.JMeterThread: Thread is done: Thread Group 1-6
2026-09-23 23:56:16,422 INFO o.a.j.t.JMeterThread: Thread finished: Thread Group 1-6
2026-09-23 23:56:17,425 INFO o.a.j.t.JMeterThread: Thread started: Thread Group 1-7
2026-09-23 23:56:17,427 INFO o.a.j.t.JMeterThread: Thread is done: Thread Group 1-7
2026-09-23 23:56:17,427 INFO o.a.j.t.JMeterThread: Thread finished: Thread Group 1-7
2026-09-23 23:56:18,420 INFO o.a.j.t.JMeterThread: Thread started: Thread Group 1-8
2026-09-23 23:56:18,420 INFO o.a.j.t.JMeterThread: Thread is done: Thread Group 1-8
2026-09-23 23:56:18,420 INFO o.a.j.t.JMeterThread: Thread finished: Thread Group 1-8
2026-09-23 23:56:19,420 INFO o.a.j.t.JMeterThread: Thread started: Thread Group 1-9
2026-09-23 23:56:19,424 INFO o.a.j.t.JMeterThread: Thread is done: Thread Group 1-9
2026-09-23 23:56:19,424 INFO o.a.j.t.JMeterThread: Thread finished: Thread Group 1-9
2026-09-23 23:56:20,421 INFO o.a.j.t.JMeterThread: Thread started: Thread Group 1-10
2026-09-23 23:56:20,423 INFO o.a.j.t.JMeterThread: Thread is done: Thread Group 1-10
2026-09-23 23:56:20,423 INFO o.a.j.t.JMeterThread: Thread finished: Thread Group 1-10
2026-09-23 23:56:20,423 INFO o.a.j.e.StandardJMeterEngine: Notifying test listeners of end of test
2026-09-23 23:56:20,423 INFO o.a.j.g.u.JMeterMenuBar: setRunning(false, *local*)
2026-09-23 23:58:57,181 INFO o.a.j.e.StandardJMeterEngine: Running the test!
2026-09-23 23:58:57,181 INFO o.a.j.s.SampleEvent: List of sample_variables: []
2026-09-23 23:58:57,181 INFO o.a.j.g.u.JMeterMenuBar: setRunning(true, *local*)
2026-09-23 23:58:57,222 INFO o.a.j.e.StandardJMeterEngine: Starting ThreadGroup: 1 : Thread Group
2026-09-23 23:58:57,222 INFO o.a.j.e.StandardJMeterEngine: Starting 10 threads for group Thread Group.
2026-09-23 23:58:57,222 INFO o.a.j.e.StandardJMeterEngine: Thread will continue on error
2026-09-23 23:58:57,222 INFO o.a.j.t.ThreadGroup: Starting thread group... number=1 threads=10 ramp-up=10 delayedStart=false
2026-09-23 23:58:57,222 INFO o.a.j.t.JMeterThread: Thread started: Thread Group 1-1
2026-09-23 23:58:57,229 INFO o.a.j.t.ThreadGroup: Started thread group number 1
2026-09-23 23:58:57,229 INFO o.a.j.e.StandardJMeterEngine: All thread groups have been started
2026-09-23 23:58:57,274 INFO o.a.j.p.h.s.HTTPHCAbstractImpl: Local host = MSI
2026-09-23 23:58:57,288 INFO o.a.j.p.h.s.HTTPHC4Impl: HTTP request retry count = 0
2026-09-23 23:58:57,436 INFO o.a.j.p.h.s.h.LazyLayeredConnectionSocketFactory: Setting up HTTPS TrustAll Socket Factory
2026-09-23 23:58:57,436 INFO o.a.j.u.JsseSSLManager: Using default SSL protocol: TLS
2026-09-23 23:58:57,436 INFO o.a.j.u.JsseSSLManager: SSL session context: per-thread
2026-09-23 23:58:57,552 INFO o.a.j.u.SSLManager: JmeterKeyStore Location:  type JKS
2026-09-23 23:58:57,552 INFO o.a.j.u.SSLManager: KeyStore created OK
2026-09-23 23:58:57,552 WARN o.a.j.u.SSLManager: Keystore file not found, loading empty keystore
2026-09-23 23:58:58,229 INFO o.a.j.t.JMeterThread: Thread started: Thread Group 1-2
2026-09-23 23:58:58,965 INFO o.a.j.t.JMeterThread: Thread is done: Thread Group 1-1
2026-09-23 23:58:58,965 INFO o.a.j.t.JMeterThread: Thread finished: Thread Group 1-1
2026-09-23 23:58:59,164 INFO o.a.j.t.JMeterThread: Thread is done: Thread Group 1-2
2026-09-23 23:58:59,165 INFO o.a.j.t.JMeterThread: Thread finished: Thread Group 1-2
2026-09-23 23:58:59,222 INFO o.a.j.t.JMeterThread: Thread started: Thread Group 1-3
2026-09-23 23:59:00,137 INFO o.a.j.t.JMeterThread: Thread is done: Thread Group 1-3
2026-09-23 23:59:00,137 INFO o.a.j.t.JMeterThread: Thread finished: Thread Group 1-3
2026-09-23 23:59:00,233 INFO o.a.j.t.JMeterThread: Thread started: Thread Group 1-4
2026-09-23 23:59:01,183 INFO o.a.j.t.JMeterThread: Thread is done: Thread Group 1-4
2026-09-23 23:59:01,183 INFO o.a.j.t.JMeterThread: Thread finished: Thread Group 1-4
2026-09-23 23:59:01,223 INFO o.a.j.t.JMeterThread: Thread started: Thread Group 1-5
2026-09-23 23:59:02,138 INFO o.a.j.t.JMeterThread: Thread is done: Thread Group 1-5
2026-09-23 23:59:02,139 INFO o.a.j.t.JMeterThread: Thread finished: Thread Group 1-5
2026-09-23 23:59:02,230 INFO o.a.j.t.JMeterThread: Thread started: Thread Group 1-6
2026-09-23 23:59:03,091 INFO o.a.j.t.JMeterThread: Thread is done: Thread Group 1-6
2026-09-23 23:59:03,091 INFO o.a.j.t.JMeterThread: Thread finished: Thread Group 1-6
2026-09-23 23:59:03,230 INFO o.a.j.t.JMeterThread: Thread started: Thread Group 1-7
2026-09-23 23:59:03,953 INFO o.a.j.t.JMeterThread: Thread is done: Thread Group 1-7
2026-09-23 23:59:03,953 INFO o.a.j.t.JMeterThread: Thread finished: Thread Group 1-7
2026-09-23 23:59:04,224 INFO o.a.j.t.JMeterThread: Thread started: Thread Group 1-8
2026-09-23 23:59:05,115 INFO o.a.j.t.JMeterThread: Thread is done: Thread Group 1-8
2026-09-23 23:59:05,116 INFO o.a.j.t.JMeterThread: Thread finished: Thread Group 1-8
2026-09-23 23:59:05,223 INFO o.a.j.t.JMeterThread: Thread started: Thread Group 1-9
2026-09-23 23:59:06,223 INFO o.a.j.t.JMeterThread: Thread started: Thread Group 1-10
2026-09-23 23:59:06,255 INFO o.a.j.t.JMeterThread: Thread is done: Thread Group 1-9
2026-09-23 23:59:06,255 INFO o.a.j.t.JMeterThread: Thread finished: Thread Group 1-9
2026-09-23 23:59:08,692 INFO o.a.j.t.JMeterThread: Thread is done: Thread Group 1-10
2026-09-23 23:59:08,692 INFO o.a.j.t.JMeterThread: Thread finished: Thread Group 1-10
2026-09-23 23:59:08,692 INFO o.a.j.e.StandardJMeterEngine: Notifying test listeners of end of test
2026-09-23 23:59:08,708 INFO o.a.j.g.u.JMeterMenuBar: setRunning(false, *local*)
